cargo : warning: unnecessary `unsafe` block
At line:1 char:342
+ ... \MG24-HAL"; cargo build --release --example blink 2>&1 > build.log; S ...
+                 ~~~~~~~~~~~~~~~~~~~~~~~~~~~~~~~~~~~~~~~~~~~~~~~~~~~~~~
    + CategoryInfo          : NotSpecified: (warning: unnecessary `unsafe` block:String) [], RemoteException
    + FullyQualifiedErrorId : NativeCommandError
 
   --> src\i2c.rs:236:9
    |
236 |         unsafe {
    |         ^^^^^^ unnecessary `unsafe` block
    |
    = note: `#[warn(unused_unsafe)]` (part of `#[warn(unused)]`) on by default

warning: unnecessary `unsafe` block
   --> src\i2c.rs:253:12
    |
253 |         if unsafe { i2c.if_().read().nack().bit() } {
    |            ^^^^^^ unnecessary `unsafe` block

warning: unnecessary `unsafe` block
   --> src\i2c.rs:254:13
    |
254 |             unsafe {
    |             ^^^^^^ unnecessary `unsafe` block

warning: unnecessary `unsafe` block
   --> src\i2c.rs:276:25
    |
276 |             buffer[i] = unsafe { i2c.rxdata().read().rxdata().bits() };
    |                         ^^^^^^ unnecessary `unsafe` block

warning: unnecessary `unsafe` block
   --> src\i2c.rs:286:9
    |
286 |         unsafe { i2c.cmd().write(|w| w.stop().set_bit()) };
    |         ^^^^^^ unnecessary `unsafe` block

warning: unnecessary `unsafe` block
   --> src\i2c.rs:302:9
    |
302 |         unsafe {
    |         ^^^^^^ unnecessary `unsafe` block

warning: unnecessary `unsafe` block
   --> src\i2c.rs:318:12
    |
318 |         if unsafe { i2c.if_().read().nack().bit() } {
    |            ^^^^^^ unnecessary `unsafe` block

warning: unnecessary `unsafe` block
   --> src\i2c.rs:319:13
    |
319 |             unsafe {
    |             ^^^^^^ unnecessary `unsafe` block

warning: unnecessary `unsafe` block
   --> src\i2c.rs:331:16
    |
331 |             if unsafe { i2c.if_().read().nack().bit() } {
    |                ^^^^^^ unnecessary `unsafe` block

warning: unnecessary `unsafe` block
   --> src\i2c.rs:332:17
    |
332 |                 unsafe {
    |                 ^^^^^^ unnecessary `unsafe` block

warning: unnecessary `unsafe` block
   --> src\i2c.rs:341:9
    |
341 |         unsafe { i2c.cmd().write(|w| w.stop().set_bit()) };
    |         ^^^^^^ unnecessary `unsafe` block

warning: unnecessary `unsafe` block
   --> src\i2c.rs:362:9
    |
362 |         unsafe {
    |         ^^^^^^ unnecessary `unsafe` block

warning: unnecessary `unsafe` block
   --> src\i2c.rs:378:12
    |
378 |         if unsafe { i2c.if_().read().nack().bit() } {
    |            ^^^^^^ unnecessary `unsafe` block

warning: unnecessary `unsafe` block
   --> src\i2c.rs:379:13
    |
379 |             unsafe {
    |             ^^^^^^ unnecessary `unsafe` block

warning: unnecessary `unsafe` block
   --> src\i2c.rs:391:16
    |
391 |             if unsafe { i2c.if_().read().nack().bit() } {
    |                ^^^^^^ unnecessary `unsafe` block

warning: unnecessary `unsafe` block
   --> src\i2c.rs:392:17
    |
392 |                 unsafe {
    |                 ^^^^^^ unnecessary `unsafe` block

warning: unnecessary `unsafe` block
   --> src\i2c.rs:401:9
    |
401 |         unsafe {
    |         ^^^^^^ unnecessary `unsafe` block

warning: unnecessary `unsafe` block
   --> src\i2c.rs:417:12
    |
417 |         if unsafe { i2c.if_().read().nack().bit() } {
    |            ^^^^^^ unnecessary `unsafe` block

warning: unnecessary `unsafe` block
   --> src\i2c.rs:418:13
    |
418 |             unsafe {
    |             ^^^^^^ unnecessary `unsafe` block

warning: unnecessary `unsafe` block
   --> src\i2c.rs:437:34
    |
437 |                 read_buffer[i] = unsafe { i2c.rxdata().read().rxdata().bits() };
    |                                  ^^^^^^ unnecessary `unsafe` block

warning: unnecessary `unsafe` block
   --> src\i2c.rs:448:9
    |
448 |         unsafe { i2c.cmd().write(|w| w.stop().set_bit()) };
    |         ^^^^^^ unnecessary `unsafe` block

warning: unnecessary `unsafe` block
   --> src\i2c.rs:457:25
    |
457 |             let state = unsafe { i2c.state().read().bits() };
    |                         ^^^^^^ unnecessary `unsafe` block

warning: unnecessary `unsafe` block
   --> src\i2c.rs:470:26
    |
470 |             let status = unsafe { i2c.status().read().bits() };
    |                          ^^^^^^ unnecessary `unsafe` block

warning: unnecessary `unsafe` block
   --> src\i2c.rs:482:25
    |
482 |             let state = unsafe { i2c.state().read().bits() };
    |                         ^^^^^^ unnecessary `unsafe` block

warning: unnecessary `unsafe` block
   --> src\i2c.rs:599:9
    |
599 |         unsafe {
    |         ^^^^^^ unnecessary `unsafe` block

warning: unnecessary `unsafe` block
   --> src\i2c.rs:615:12
    |
615 |         if unsafe { i2c.if_().read().nack().bit() } {
    |            ^^^^^^ unnecessary `unsafe` block

warning: unnecessary `unsafe` block
   --> src\i2c.rs:616:13
    |
616 |             unsafe {
    |             ^^^^^^ unnecessary `unsafe` block

warning: unnecessary `unsafe` block
   --> src\i2c.rs:633:25
    |
633 |             buffer[i] = unsafe { i2c.rxdata().read().rxdata().bits() };
    |                         ^^^^^^ unnecessary `unsafe` block

warning: unnecessary `unsafe` block
   --> src\i2c.rs:642:9
    |
642 |         unsafe { i2c.cmd().write(|w| w.stop().set_bit()) };
    |         ^^^^^^ unnecessary `unsafe` block

warning: unnecessary `unsafe` block
   --> src\i2c.rs:658:9
    |
658 |         unsafe {
    |         ^^^^^^ unnecessary `unsafe` block

warning: unnecessary `unsafe` block
   --> src\i2c.rs:674:12
    |
674 |         if unsafe { i2c.if_().read().nack().bit() } {
    |            ^^^^^^ unnecessary `unsafe` block

warning: unnecessary `unsafe` block
   --> src\i2c.rs:675:13
    |
675 |             unsafe {
    |             ^^^^^^ unnecessary `unsafe` block

warning: unnecessary `unsafe` block
   --> src\i2c.rs:686:16
    |
686 |             if unsafe { i2c.if_().read().nack().bit() } {
    |                ^^^^^^ unnecessary `unsafe` block

warning: unnecessary `unsafe` block
   --> src\i2c.rs:687:17
    |
687 |                 unsafe {
    |                 ^^^^^^ unnecessary `unsafe` block

warning: unnecessary `unsafe` block
   --> src\i2c.rs:695:9
    |
695 |         unsafe { i2c.cmd().write(|w| w.stop().set_bit()) };
    |         ^^^^^^ unnecessary `unsafe` block

warning: unnecessary `unsafe` block
   --> src\i2c.rs:716:9
    |
716 |         unsafe {
    |         ^^^^^^ unnecessary `unsafe` block

warning: unnecessary `unsafe` block
   --> src\i2c.rs:732:12
    |
732 |         if unsafe { i2c.if_().read().nack().bit() } {
    |            ^^^^^^ unnecessary `unsafe` block

warning: unnecessary `unsafe` block
   --> src\i2c.rs:733:13
    |
733 |             unsafe {
    |             ^^^^^^ unnecessary `unsafe` block

warning: unnecessary `unsafe` block
   --> src\i2c.rs:744:16
    |
744 |             if unsafe { i2c.if_().read().nack().bit() } {
    |                ^^^^^^ unnecessary `unsafe` block

warning: unnecessary `unsafe` block
   --> src\i2c.rs:745:17
    |
745 |                 unsafe {
    |                 ^^^^^^ unnecessary `unsafe` block

warning: unnecessary `unsafe` block
   --> src\i2c.rs:754:9
    |
754 |         unsafe {
    |         ^^^^^^ unnecessary `unsafe` block

warning: unnecessary `unsafe` block
   --> src\i2c.rs:770:12
    |
770 |         if unsafe { i2c.if_().read().nack().bit() } {
    |            ^^^^^^ unnecessary `unsafe` block

warning: unnecessary `unsafe` block
   --> src\i2c.rs:771:13
    |
771 |             unsafe {
    |             ^^^^^^ unnecessary `unsafe` block

warning: unnecessary `unsafe` block
   --> src\i2c.rs:789:34
    |
789 |                 read_buffer[i] = unsafe { i2c.rxdata().read().rxdata().bits() };
    |                                  ^^^^^^ unnecessary `unsafe` block

warning: unnecessary `unsafe` block
   --> src\i2c.rs:799:9
    |
799 |         unsafe { i2c.cmd().write(|w| w.stop().set_bit()) };
    |         ^^^^^^ unnecessary `unsafe` block

warning: field `config` is never read
   --> src\i2c.rs:122:5
    |
119 | pub struct I2c<'d, T> {
    |            --- field in this struct
...
122 |     config: I2cConfig,
    |     ^^^^^^
    |
    = note: `#[warn(dead_code)]` (part of `#[warn(unused)]`) on by default

warning: `mg24-hal` (lib) generated 46 warnings
    Finished `release` profile [optimized + debuginfo] target(s) in 0.07s
